note: tracking was triggered
   |
   = note: created allocation with id 1
   = note: (no span available)

