error: Undefined Behavior: pointer to ALLOC was dereferenced after this allocation got freed
  --> $DIR/storage_dead_dangling.rs:LL:CC
   |
LL |     unsafe { &mut *(LEAK as *mut i32) };
   |              ^^^^^^^^^^^^^^^^^^^^^^^^ pointer to ALLOC was dereferenced after this allocation got freed
   |
   = help: this indicates a bug in the program: it performed an invalid operation, and caused Undefined Behavior
   = help: see https://doc.rust-lang.org/nightly/reference/behavior-considered-undefined.html for further information
           
   = note: inside `evil` at $DIR/storage_dead_dangling.rs:LL:CC
note: inside `main` at $DIR/storage_dead_dangling.rs:LL:CC
  --> $DIR/storage_dead_dangling.rs:LL:CC
   |
LL |     evil();
   |     ^^^^^^

note: some details are omitted, run with `MIRIFLAGS=-Zmiri-backtrace=full` for a verbose backtrace

error: aborting due to previous error

