error: Undefined Behavior: dereferencing pointer failed: $HEX is not a valid pointer
  --> $DIR/permissive_provenance_transmute.rs:LL:CC
   |
LL |         let _val = *left_ptr;
   |                    ^^^^^^^^^ dereferencing pointer failed: $HEX is not a valid pointer
   |
   = help: this indicates a bug in the program: it performed an invalid operation, and caused Undefined Behavior
   = help: see https://doc.rust-lang.org/nightly/reference/behavior-considered-undefined.html for further information
           
   = note: inside `deref` at $DIR/permissive_provenance_transmute.rs:LL:CC
note: inside `main` at $DIR/permissive_provenance_transmute.rs:LL:CC
  --> $DIR/permissive_provenance_transmute.rs:LL:CC
   |
LL |         deref(ptr1, ptr2.with_addr(ptr1.addr()));
   |         ^^^^^^^^^^^^^^^^^^^^^^^^^^^^^^^^^^^^^^^^

note: some details are omitted, run with `MIRIFLAGS=-Zmiri-backtrace=full` for a verbose backtrace

error: aborting due to previous error

