error: Undefined Behavior: Data race detected between Write on Thread(id = 0, name = "main") and Write on Thread(id = 1) at ALLOC (current vector clock = VClock, conflicting timestamp = VClock)
  --> $DIR/dangling_thread_race.rs:LL:CC
   |
LL |         *c.0 = 64;
   |         ^^^^^^^^^ Data race detected between Write on Thread(id = 0, name = "main") and Write on Thread(id = 1) at ALLOC (current vector clock = VClock, conflicting timestamp = VClock)
   |
   = help: this indicates a bug in the program: it performed an invalid operation, and caused Undefined Behavior
   = help: see https://doc.rust-lang.org/nightly/reference/behavior-considered-undefined.html for further information
           
   = note: inside `main` at $DIR/dangling_thread_race.rs:LL:CC

note: some details are omitted, run with `MIRIFLAGS=-Zmiri-backtrace=full` for a verbose backtrace

error: aborting due to previous error

