error: Undefined Behavior: Data race detected between Read on Thread(id = 3) and Write on Thread(id = 1) at ALLOC (current vector clock = VClock, conflicting timestamp = VClock)
  --> $DIR/relax_acquire_race.rs:LL:CC
   |
LL |                 *c.0
   |                 ^^^^ Data race detected between Read on Thread(id = 3) and Write on Thread(id = 1) at ALLOC (current vector clock = VClock, conflicting timestamp = VClock)
   |
   = help: this indicates a bug in the program: it performed an invalid operation, and caused Undefined Behavior
   = help: see https://doc.rust-lang.org/nightly/reference/behavior-considered-undefined.html for further information
           
   = note: inside closure at $DIR/relax_acquire_race.rs:LL:CC

note: some details are omitted, run with `MIRIFLAGS=-Zmiri-backtrace=full` for a verbose backtrace

error: aborting due to previous error

