error: Undefined Behavior: pointer arithmetic failed: ALLOC has size 4, so pointer at offset 32 is out-of-bounds
  --> RUSTLIB/core/src/ptr/mut_ptr.rs:LL:CC
   |
LL |         unsafe { intrinsics::offset(self, count) as *mut T }
   |                  ^^^^^^^^^^^^^^^^^^^^^^^^^^^^^^^ pointer arithmetic failed: ALLOC has size 4, so pointer at offset 32 is out-of-bounds
   |
   = help: this indicates a bug in the program: it performed an invalid operation, and caused Undefined Behavior
   = help: see https://doc.rust-lang.org/nightly/reference/behavior-considered-undefined.html for further information
           
   = note: inside `std::ptr::mut_ptr::<impl *mut u32>::offset` at RUSTLIB/core/src/ptr/mut_ptr.rs:LL:CC
note: inside `main` at $DIR/ptr_offset_ptr_plus_0.rs:LL:CC
  --> $DIR/ptr_offset_ptr_plus_0.rs:LL:CC
   |
LL |     let _x = unsafe { x.offset(0) }; // UB despite offset 0, the pointer is not inbounds of the only object it can point to
   |                       ^^^^^^^^^^^

note: some details are omitted, run with `MIRIFLAGS=-Zmiri-backtrace=full` for a verbose backtrace

error: aborting due to previous error

