error: Undefined Behavior: `float_to_int_unchecked` intrinsic called on 3.40282347E+38 which cannot be represented in target type `i32`
  --> RUSTLIB/core/src/../../portable-simd/crates/core_simd/src/round.rs:LL:CC
   |
LL | implement! { f32 }
   | ^^^^^^^^^^^^^^^^^^ `float_to_int_unchecked` intrinsic called on 3.40282347E+38 which cannot be represented in target type `i32`
   |
   = help: this indicates a bug in the program: it performed an invalid operation, and caused Undefined Behavior
   = help: see https://doc.rust-lang.org/nightly/reference/behavior-considered-undefined.html for further information
           
   = note: inside `core::core_simd::round::<impl std::simd::Simd<f32, 2_usize>>::to_int_unchecked::<i32>` at RUSTLIB/core/src/../../portable-simd/crates/core_simd/src/round.rs:LL:CC
note: inside `main` at $DIR/simd-float-to-int.rs:LL:CC
  --> $DIR/simd-float-to-int.rs:LL:CC
   |
LL |         let _x: i32x2 = f32x2::from_array([f32::MAX, f32::MIN]).to_int_unchecked();
   |                         ^^^^^^^^^^^^^^^^^^^^^^^^^^^^^^^^^^^^^^^^^^^^^^^^^^^^^^^^^^
   = note: this error originates in the macro `implement` (in Nightly builds, run with -Z macro-backtrace for more info)

note: some details are omitted, run with `MIRIFLAGS=-Zmiri-backtrace=full` for a verbose backtrace

error: aborting due to previous error

